// Jest Snapshot v1, https://goo.gl/fbAQLP

exports[`<ProgressIndicator /> on load renders correctly 1`] = `
<ProgressIndicator
  classes={
    Object {
      "progress": "ProgressIndicator-progress-1 progress-class",
    }
  }
/>
`;
